2026-10-02 10:09:43,115 INFO SPI service [com.alipay.sofa.jraft.JRaftServiceFactory - com.alipay.sofa.jraft.core.DefaultJRaftServiceFactory] loading.

2026-10-02 10:09:43,195 INFO SPI service [com.alipay.sofa.jraft.rpc.RaftRpcFactory - com.alibaba.nacos.core.distributed.raft.grpc.NacosGrpcRaftRpcFactory] loading.

2026-10-02 10:09:43,560 INFO SPI service [com.alipay.sofa.jraft.util.JRaftSignalHandler - com.alipay.sofa.jraft.NodeDescribeSignalHandler] loading.

2026-10-02 10:09:43,562 INFO SPI service [com.alipay.sofa.jraft.util.JRaftSignalHandler - com.alipay.sofa.jraft.NodeMetricsSignalHandler] loading.

2026-10-02 10:09:43,564 INFO SPI service [com.alipay.sofa.jraft.util.JRaftSignalHandler - com.alipay.sofa.jraft.ThreadPoolMetricsSignalHandler] loading.

2026-10-02 10:09:43,568 INFO SPI service [com.alipay.sofa.jraft.util.timer.RaftTimerFactory - com.alipay.sofa.jraft.util.timer.DefaultRaftTimerFactory] loading.

2026-10-02 10:09:43,575 INFO The number of active nodes increment to 1.

2026-10-02 10:09:43,802 INFO Truncated prefix logs in data path: /home/nacos/data/protocol/raft/naming_persistent_service_v2/log from log index 0 to 4, cost 0 ms.

2026-10-02 10:09:43,806 INFO Starts FSMCaller successfully.

2026-10-02 10:09:43,814 INFO Loading snapshot, meta=last_included_index: 4
last_included_term: 4
peers: "df9eb4e67179:7848"
.

2026-10-02 10:09:43,850 INFO Node <naming_persistent_service_v2/df9eb4e67179:7848> onSnapshotLoadDone, last_included_index: 4
last_included_term: 4
peers: "df9eb4e67179:7848"


2026-10-02 10:09:43,851 INFO Node <naming_persistent_service_v2/df9eb4e67179:7848> target priority value has changed from: 0, to: -1.

2026-10-02 10:09:43,853 INFO Node <naming_persistent_service_v2/df9eb4e67179:7848> init ballot box's lastCommittedIndex=4.

2026-10-02 10:09:43,859 INFO Node <naming_persistent_service_v2/df9eb4e67179:7848> init, term=4, lastLogId=LogId [index=4, term=4], conf=df9eb4e67179:7848, oldConf=.

2026-10-02 10:09:43,862 INFO Node <naming_persistent_service_v2/df9eb4e67179:7848> start vote and grant vote self, term=4.

2026-10-02 10:09:43,877 INFO Save raft meta, path=/home/nacos/data/protocol/raft/naming_persistent_service_v2/meta-data, term=5, votedFor=df9eb4e67179:7848, cost time=14 ms

2026-10-02 10:09:43,879 INFO Node <naming_persistent_service_v2/df9eb4e67179:7848> become leader of group, term=5, conf=df9eb4e67179:7848, oldConf=.

2026-10-02 10:09:43,882 INFO -Djraft.recyclers.maxCapacityPerThread: 4096.

2026-10-02 10:09:43,886 INFO Start the RaftGroupService successfully.

2026-10-02 10:09:43,894 INFO onLeaderStart: term=5.

2026-10-02 10:09:43,900 INFO The number of active nodes increment to 2.

2026-10-02 10:09:43,968 INFO Truncated prefix logs in data path: /home/nacos/data/protocol/raft/naming_persistent_service/log from log index 0 to 4, cost 1 ms.

2026-10-02 10:09:43,970 INFO Starts FSMCaller successfully.

2026-10-02 10:09:43,972 INFO Loading snapshot, meta=last_included_index: 4
last_included_term: 4
peers: "df9eb4e67179:7848"
.

2026-10-02 10:09:43,974 INFO Node <naming_persistent_service/df9eb4e67179:7848> onSnapshotLoadDone, last_included_index: 4
last_included_term: 4
peers: "df9eb4e67179:7848"


2026-10-02 10:09:43,975 INFO Node <naming_persistent_service/df9eb4e67179:7848> target priority value has changed from: 0, to: -1.

2026-10-02 10:09:43,975 INFO Node <naming_persistent_service/df9eb4e67179:7848> init ballot box's lastCommittedIndex=4.

2026-10-02 10:09:43,977 INFO Node <naming_persistent_service/df9eb4e67179:7848> init, term=4, lastLogId=LogId [index=4, term=4], conf=df9eb4e67179:7848, oldConf=.

2026-10-02 10:09:43,978 INFO Node <naming_persistent_service/df9eb4e67179:7848> start vote and grant vote self, term=4.

2026-10-02 10:09:43,988 INFO Save raft meta, path=/home/nacos/data/protocol/raft/naming_persistent_service/meta-data, term=5, votedFor=df9eb4e67179:7848, cost time=10 ms

2026-10-02 10:09:43,989 INFO Node <naming_persistent_service/df9eb4e67179:7848> become leader of group, term=5, conf=df9eb4e67179:7848, oldConf=.

2026-10-02 10:09:43,990 INFO Start the RaftGroupService successfully.

2026-10-02 10:09:43,999 INFO onLeaderStart: term=5.

2026-10-02 10:09:44,004 INFO The number of active nodes increment to 3.

2026-10-02 10:09:44,063 INFO Truncated prefix logs in data path: /home/nacos/data/protocol/raft/naming_instance_metadata/log from log index 0 to 4, cost 1 ms.

2026-10-02 10:09:44,064 INFO Starts FSMCaller successfully.

2026-10-02 10:09:44,065 INFO Loading snapshot, meta=last_included_index: 4
last_included_term: 4
peers: "df9eb4e67179:7848"
.

2026-10-02 10:09:44,067 INFO Node <naming_instance_metadata/df9eb4e67179:7848> onSnapshotLoadDone, last_included_index: 4
last_included_term: 4
peers: "df9eb4e67179:7848"


2026-10-02 10:09:44,067 INFO Node <naming_instance_metadata/df9eb4e67179:7848> target priority value has changed from: 0, to: -1.

2026-10-02 10:09:44,068 INFO Node <naming_instance_metadata/df9eb4e67179:7848> init ballot box's lastCommittedIndex=4.

2026-10-02 10:09:44,069 INFO Node <naming_instance_metadata/df9eb4e67179:7848> init, term=4, lastLogId=LogId [index=4, term=4], conf=df9eb4e67179:7848, oldConf=.

2026-10-02 10:09:44,070 INFO Node <naming_instance_metadata/df9eb4e67179:7848> start vote and grant vote self, term=4.

2026-10-02 10:09:44,082 INFO Save raft meta, path=/home/nacos/data/protocol/raft/naming_instance_metadata/meta-data, term=5, votedFor=df9eb4e67179:7848, cost time=11 ms

2026-10-02 10:09:44,083 INFO Node <naming_instance_metadata/df9eb4e67179:7848> become leader of group, term=5, conf=df9eb4e67179:7848, oldConf=.

2026-10-02 10:09:44,084 INFO Start the RaftGroupService successfully.

2026-10-02 10:09:44,090 INFO The number of active nodes increment to 4.

2026-10-02 10:09:44,091 INFO onLeaderStart: term=5.

2026-10-02 10:09:44,146 INFO Truncated prefix logs in data path: /home/nacos/data/protocol/raft/naming_service_metadata/log from log index 0 to 4, cost 1 ms.

2026-10-02 10:09:44,146 INFO Starts FSMCaller successfully.

2026-10-02 10:09:44,147 INFO Loading snapshot, meta=last_included_index: 4
last_included_term: 4
peers: "df9eb4e67179:7848"
.

2026-10-02 10:09:44,149 INFO Node <naming_service_metadata/df9eb4e67179:7848> onSnapshotLoadDone, last_included_index: 4
last_included_term: 4
peers: "df9eb4e67179:7848"


2026-10-02 10:09:44,150 INFO Node <naming_service_metadata/df9eb4e67179:7848> target priority value has changed from: 0, to: -1.

2026-10-02 10:09:44,151 INFO Node <naming_service_metadata/df9eb4e67179:7848> init ballot box's lastCommittedIndex=4.

2026-10-02 10:09:44,152 INFO Node <naming_service_metadata/df9eb4e67179:7848> init, term=4, lastLogId=LogId [index=4, term=4], conf=df9eb4e67179:7848, oldConf=.

2026-10-02 10:09:44,153 INFO Node <naming_service_metadata/df9eb4e67179:7848> start vote and grant vote self, term=4.

2026-10-02 10:09:44,164 INFO Save raft meta, path=/home/nacos/data/protocol/raft/naming_service_metadata/meta-data, term=5, votedFor=df9eb4e67179:7848, cost time=9 ms

2026-10-02 10:09:44,164 INFO Node <naming_service_metadata/df9eb4e67179:7848> become leader of group, term=5, conf=df9eb4e67179:7848, oldConf=.

2026-10-02 10:09:44,165 INFO Start the RaftGroupService successfully.

2026-10-02 10:09:44,174 INFO onLeaderStart: term=5.

2026-10-02 10:09:44,920 INFO The number of active nodes increment to 5.

2026-10-02 10:09:44,976 INFO Truncated prefix logs in data path: /home/nacos/data/protocol/raft/lock_acquire_service_v2/log from log index 0 to 4, cost 1 ms.

2026-10-02 10:09:44,977 INFO Starts FSMCaller successfully.

2026-10-02 10:09:44,978 INFO Loading snapshot, meta=last_included_index: 4
last_included_term: 4
peers: "df9eb4e67179:7848"
.

2026-10-02 10:09:44,982 INFO Node <lock_acquire_service_v2/df9eb4e67179:7848> onSnapshotLoadDone, last_included_index: 4
last_included_term: 4
peers: "df9eb4e67179:7848"


2026-10-02 10:09:44,983 INFO Node <lock_acquire_service_v2/df9eb4e67179:7848> target priority value has changed from: 0, to: -1.

2026-10-02 10:09:44,983 INFO Node <lock_acquire_service_v2/df9eb4e67179:7848> init ballot box's lastCommittedIndex=4.

2026-10-02 10:09:44,985 INFO Node <lock_acquire_service_v2/df9eb4e67179:7848> init, term=4, lastLogId=LogId [index=4, term=4], conf=df9eb4e67179:7848, oldConf=.

2026-10-02 10:09:44,986 INFO Node <lock_acquire_service_v2/df9eb4e67179:7848> start vote and grant vote self, term=4.

2026-10-02 10:09:44,996 INFO Save raft meta, path=/home/nacos/data/protocol/raft/lock_acquire_service_v2/meta-data, term=5, votedFor=df9eb4e67179:7848, cost time=8 ms

2026-10-02 10:09:44,996 INFO Node <lock_acquire_service_v2/df9eb4e67179:7848> become leader of group, term=5, conf=df9eb4e67179:7848, oldConf=.

2026-10-02 10:09:44,997 INFO Start the RaftGroupService successfully.

2026-10-02 10:09:45,004 INFO onLeaderStart: term=5.

2026-10-02 10:09:45,077 INFO The number of active nodes increment to 6.

2026-10-02 10:09:45,128 INFO Truncated prefix logs in data path: /home/nacos/data/protocol/raft/plugin_state/log from log index 0 to 4, cost 1 ms.

2026-10-02 10:09:45,129 INFO Starts FSMCaller successfully.

2026-10-02 10:09:45,130 INFO Loading snapshot, meta=last_included_index: 4
last_included_term: 4
peers: "df9eb4e67179:7848"
.

2026-10-02 10:09:45,134 INFO Node <plugin_state/df9eb4e67179:7848> onSnapshotLoadDone, last_included_index: 4
last_included_term: 4
peers: "df9eb4e67179:7848"


2026-10-02 10:09:45,135 INFO Node <plugin_state/df9eb4e67179:7848> target priority value has changed from: 0, to: -1.

2026-10-02 10:09:45,136 INFO Node <plugin_state/df9eb4e67179:7848> init ballot box's lastCommittedIndex=4.

2026-10-02 10:09:45,137 INFO Node <plugin_state/df9eb4e67179:7848> init, term=4, lastLogId=LogId [index=4, term=4], conf=df9eb4e67179:7848, oldConf=.

2026-10-02 10:09:45,137 INFO Node <plugin_state/df9eb4e67179:7848> start vote and grant vote self, term=4.

2026-10-02 10:09:45,148 INFO Save raft meta, path=/home/nacos/data/protocol/raft/plugin_state/meta-data, term=5, votedFor=df9eb4e67179:7848, cost time=9 ms

2026-10-02 10:09:45,148 INFO Node <plugin_state/df9eb4e67179:7848> become leader of group, term=5, conf=df9eb4e67179:7848, oldConf=.

2026-10-02 10:09:45,149 INFO Start the RaftGroupService successfully.

2026-10-02 10:09:45,153 INFO onLeaderStart: term=5.

2026-10-02 10:28:20,254 INFO Deleting snapshot /home/nacos/data/protocol/raft/naming_service_metadata/snapshot/snapshot_5.

2026-10-02 10:28:20,255 INFO Renaming /home/nacos/data/protocol/raft/naming_service_metadata/snapshot/temp to /home/nacos/data/protocol/raft/naming_service_metadata/snapshot/snapshot_5.

2026-10-02 10:28:20,257 INFO Deleting snapshot /home/nacos/data/protocol/raft/naming_service_metadata/snapshot/snapshot_4.

2026-10-02 10:28:20,267 INFO Truncated prefix logs in data path: /home/nacos/data/protocol/raft/naming_service_metadata/log from log index 4 to 5, cost 4 ms.

2026-10-02 10:30:03,964 INFO Deleting snapshot /home/nacos/data/protocol/raft/lock_acquire_service_v2/snapshot/snapshot_5.

2026-10-02 10:30:03,964 INFO Renaming /home/nacos/data/protocol/raft/lock_acquire_service_v2/snapshot/temp to /home/nacos/data/protocol/raft/lock_acquire_service_v2/snapshot/snapshot_5.

2026-10-02 10:30:03,967 INFO Deleting snapshot /home/nacos/data/protocol/raft/lock_acquire_service_v2/snapshot/snapshot_4.

2026-10-02 10:30:03,976 INFO Truncated prefix logs in data path: /home/nacos/data/protocol/raft/lock_acquire_service_v2/log from log index 4 to 5, cost 3 ms.

2026-10-02 10:30:51,783 INFO Deleting snapshot /home/nacos/data/protocol/raft/naming_persistent_service_v2/snapshot/snapshot_5.

2026-10-02 10:30:51,784 INFO Renaming /home/nacos/data/protocol/raft/naming_persistent_service_v2/snapshot/temp to /home/nacos/data/protocol/raft/naming_persistent_service_v2/snapshot/snapshot_5.

2026-10-02 10:30:51,787 INFO Deleting snapshot /home/nacos/data/protocol/raft/naming_persistent_service_v2/snapshot/snapshot_4.

2026-10-02 10:30:51,795 INFO Truncated prefix logs in data path: /home/nacos/data/protocol/raft/naming_persistent_service_v2/log from log index 4 to 5, cost 4 ms.

2026-10-02 10:33:40,041 INFO Deleting snapshot /home/nacos/data/protocol/raft/naming_instance_metadata/snapshot/snapshot_5.

2026-10-02 10:33:40,041 INFO Renaming /home/nacos/data/protocol/raft/naming_instance_metadata/snapshot/temp to /home/nacos/data/protocol/raft/naming_instance_metadata/snapshot/snapshot_5.

2026-10-02 10:33:40,044 INFO Deleting snapshot /home/nacos/data/protocol/raft/naming_instance_metadata/snapshot/snapshot_4.

2026-10-02 10:33:40,052 INFO Truncated prefix logs in data path: /home/nacos/data/protocol/raft/naming_instance_metadata/log from log index 4 to 5, cost 3 ms.

2026-10-02 10:33:52,880 INFO Deleting snapshot /home/nacos/data/protocol/raft/naming_persistent_service/snapshot/snapshot_5.

2026-10-02 10:33:52,881 INFO Renaming /home/nacos/data/protocol/raft/naming_persistent_service/snapshot/temp to /home/nacos/data/protocol/raft/naming_persistent_service/snapshot/snapshot_5.

2026-10-02 10:33:52,884 INFO Deleting snapshot /home/nacos/data/protocol/raft/naming_persistent_service/snapshot/snapshot_4.

2026-10-02 10:33:52,891 INFO Truncated prefix logs in data path: /home/nacos/data/protocol/raft/naming_persistent_service/log from log index 4 to 5, cost 3 ms.

2026-10-02 10:35:51,756 INFO Deleting snapshot /home/nacos/data/protocol/raft/plugin_state/snapshot/snapshot_5.

2026-10-02 10:35:51,756 INFO Renaming /home/nacos/data/protocol/raft/plugin_state/snapshot/temp to /home/nacos/data/protocol/raft/plugin_state/snapshot/snapshot_5.

2026-10-02 10:35:51,759 INFO Deleting snapshot /home/nacos/data/protocol/raft/plugin_state/snapshot/snapshot_4.

2026-10-02 10:35:51,767 INFO Truncated prefix logs in data path: /home/nacos/data/protocol/raft/plugin_state/log from log index 4 to 5, cost 3 ms.

2026-10-02 10:58:20,125 INFO Truncated prefix logs in data path: /home/nacos/data/protocol/raft/naming_service_metadata/log from log index 5 to 6, cost 0 ms.

2026-10-02 11:00:03,852 INFO Truncated prefix logs in data path: /home/nacos/data/protocol/raft/lock_acquire_service_v2/log from log index 5 to 6, cost 1 ms.

2026-10-02 11:00:51,668 INFO Truncated prefix logs in data path: /home/nacos/data/protocol/raft/naming_persistent_service_v2/log from log index 5 to 6, cost 1 ms.

2026-10-02 11:03:39,927 INFO Truncated prefix logs in data path: /home/nacos/data/protocol/raft/naming_instance_metadata/log from log index 5 to 6, cost 1 ms.

2026-10-02 11:03:52,763 INFO Truncated prefix logs in data path: /home/nacos/data/protocol/raft/naming_persistent_service/log from log index 5 to 6, cost 1 ms.

2026-10-02 11:05:51,637 INFO Truncated prefix logs in data path: /home/nacos/data/protocol/raft/plugin_state/log from log index 5 to 6, cost 1 ms.

2026-10-02 11:28:20,025 INFO Truncated prefix logs in data path: /home/nacos/data/protocol/raft/naming_service_metadata/log from log index 6 to 6, cost 0 ms.

2026-10-02 11:30:03,753 INFO Truncated prefix logs in data path: /home/nacos/data/protocol/raft/lock_acquire_service_v2/log from log index 6 to 6, cost 0 ms.

2026-10-02 11:30:51,572 INFO Truncated prefix logs in data path: /home/nacos/data/protocol/raft/naming_persistent_service_v2/log from log index 6 to 6, cost 0 ms.

2026-10-02 11:33:39,831 INFO Truncated prefix logs in data path: /home/nacos/data/protocol/raft/naming_instance_metadata/log from log index 6 to 6, cost 0 ms.

2026-10-02 11:33:52,668 INFO Truncated prefix logs in data path: /home/nacos/data/protocol/raft/naming_persistent_service/log from log index 6 to 6, cost 0 ms.

2026-10-02 11:35:51,539 INFO Truncated prefix logs in data path: /home/nacos/data/protocol/raft/plugin_state/log from log index 6 to 6, cost 0 ms.

