2026-10-05 09:50:09,176 INFO notifyConnectTimeout:100

2026-10-05 09:50:09,186 INFO notifySocketTimeout:200

2026-10-05 09:50:09,187 INFO isHealthCheck:true

2026-10-05 09:50:09,187 INFO maxHealthCheckFailCount:12

2026-10-05 09:50:09,188 INFO maxContent:10485760

2026-10-05 09:50:12,951 INFO All dump page size is set to 100 according to mem limit 1024 MB

2026-10-05 09:50:12,955 WARN DumpService start

2026-10-05 09:50:12,955 INFO start clear all config-info.

2026-10-05 09:50:12,957 INFO clear all config-info success.

2026-10-05 09:50:13,159 INFO clear all config-info-tenant success.

2026-10-05 09:50:13,167 INFO start dump all config-info...

2026-10-05 09:50:13,232 INFO [all-dump] submit all task for 1079215964857311232 / 1080060110509711360, dbTime=55,diskTime=9

2026-10-05 09:50:13,279 INFO [all-dump] submit all task for 1079215967696855040 / 1080060110509711360, dbTime=46,diskTime=0

2026-10-05 09:50:13,319 INFO [all-dump] submit all task for 1079215970955829250 / 1080060110509711360, dbTime=38,diskTime=1

2026-10-05 09:50:13,342 INFO [all-dump] submit all task for 1079215974504210432 / 1080060110509711360, dbTime=21,diskTime=1

2026-10-05 09:50:13,347 INFO [all-dump] submit all task for 1079215975598923777 / 1080060110509711360, dbTime=4,diskTime=0

2026-10-05 09:50:13,409 INFO [all-dump] submit all task for 1079215977134039040 / 1080060110509711360, dbTime=31,diskTime=31

2026-10-05 09:50:13,504 INFO [all-dump] submit all task for 1079215978438467584 / 1080060110509711360, dbTime=5,diskTime=90

2026-10-05 09:50:13,567 INFO [all-dump] submit all task for 1079215979692564480 / 1080060110509711360, dbTime=5,diskTime=58

2026-10-05 09:50:13,663 INFO [all-dump] submit all task for 1079215980959244288 / 1080060110509711360, dbTime=2,diskTime=93

2026-10-05 09:50:13,703 INFO [all-dump] submit all task for 1079215982263672832 / 1080060110509711360, dbTime=11,diskTime=29

2026-10-05 09:50:13,771 INFO [all-dump] submit all task for 1079215983698124800 / 1080060110509711360, dbTime=5,diskTime=62

2026-10-05 09:50:13,833 INFO [all-dump] submit all task for 1079215984755089408 / 1080060110509711360, dbTime=5,diskTime=56

2026-10-05 09:50:13,899 INFO [all-dump] submit all task for 1079215986147598336 / 1080060110509711360, dbTime=6,diskTime=59

2026-10-05 09:50:13,940 INFO [all-dump] submit all task for 1079215987342974976 / 1080060110509711360, dbTime=3,diskTime=37

2026-10-05 09:50:14,010 INFO [all-dump] submit all task for 1079215988802592768 / 1080060110509711360, dbTime=12,diskTime=58

2026-10-05 09:50:14,075 INFO [all-dump] submit all task for 1079215989922471936 / 1080060110509711360, dbTime=5,diskTime=60

2026-10-05 09:50:14,114 INFO [all-dump] submit all task for 1079215991176568832 / 1080060110509711360, dbTime=2,diskTime=36

2026-10-05 09:50:14,158 INFO [all-dump] submit all task for 1079215992921399296 / 1080060110509711360, dbTime=3,diskTime=41

2026-10-05 09:50:14,201 INFO [all-dump] submit all task for 1079215994506846208 / 1080060110509711360, dbTime=2,diskTime=40

2026-10-05 09:50:14,269 INFO [all-dump] submit all task for 1079215995811274752 / 1080060110509711360, dbTime=2,diskTime=65

2026-10-05 09:50:14,313 INFO [all-dump] submit all task for 1079215997459636224 / 1080060110509711360, dbTime=2,diskTime=41

2026-10-05 09:50:14,353 INFO [all-dump] submit all task for 1079215999187689473 / 1080060110509711360, dbTime=2,diskTime=37

2026-10-05 09:50:14,406 INFO [all-dump] submit all task for 1079216000940908544 / 1080060110509711360, dbTime=2,diskTime=51

2026-10-05 09:50:14,450 INFO [all-dump] submit all task for 1079216002232754176 / 1080060110509711360, dbTime=2,diskTime=42

2026-10-05 09:50:14,511 INFO [all-dump] submit all task for 1079216003872727040 / 1080060110509711360, dbTime=2,diskTime=59

2026-10-05 09:50:14,572 INFO [all-dump] submit all task for 1079216005470756864 / 1080060110509711360, dbTime=2,diskTime=58

2026-10-05 09:50:14,614 INFO [all-dump] submit all task for 1079216006947151872 / 1080060110509711360, dbTime=3,diskTime=39

2026-10-05 09:50:14,653 INFO [all-dump] submit all task for 1079216008369020928 / 1080060110509711360, dbTime=1,diskTime=37

2026-10-05 09:50:14,710 INFO [all-dump] submit all task for 1079216010180960256 / 1080060110509711360, dbTime=2,diskTime=55

2026-10-05 09:50:14,744 INFO [all-dump] submit all task for 1079216012013871105 / 1080060110509711360, dbTime=2,diskTime=32

2026-10-05 09:50:14,796 INFO [all-dump] submit all task for 1079216013830004736 / 1080060110509711360, dbTime=1,diskTime=50

2026-10-05 09:50:14,838 INFO [all-dump] submit all task for 1079216015662915584 / 1080060110509711360, dbTime=2,diskTime=39

2026-10-05 09:50:14,877 INFO [all-dump] submit all task for 1079216017382580224 / 1080060110509711360, dbTime=2,diskTime=36

2026-10-05 09:50:14,915 INFO [all-dump] submit all task for 1079216019194519552 / 1080060110509711360, dbTime=2,diskTime=36

2026-10-05 09:50:14,968 INFO [all-dump] submit all task for 1079216021023236096 / 1080060110509711360, dbTime=2,diskTime=50

2026-10-05 09:50:15,007 INFO [all-dump] submit all task for 1079216022851952640 / 1080060110509711360, dbTime=2,diskTime=36

2026-10-05 09:50:15,047 INFO [all-dump] submit all task for 1079216024697446400 / 1080060110509711360, dbTime=2,diskTime=38

2026-10-05 09:50:15,116 INFO [all-dump] submit all task for 1079216026521968640 / 1080060110509711360, dbTime=2,diskTime=66

2026-10-05 09:50:15,157 INFO [all-dump] submit all task for 1079216028107415552 / 1080060110509711360, dbTime=3,diskTime=38

2026-10-05 09:50:15,194 INFO [all-dump] submit all task for 1079216030015823872 / 1080060110509711360, dbTime=2,diskTime=35

2026-10-05 09:50:15,239 INFO [all-dump] submit all task for 1079216038626729984 / 1080060110509711360, dbTime=2,diskTime=42

2026-10-05 09:50:15,291 INFO [all-dump] submit all task for 1079216046893703168 / 1080060110509711360, dbTime=2,diskTime=49

2026-10-05 09:50:15,335 INFO [all-dump] submit all task for 1079216053965299712 / 1080060110509711360, dbTime=3,diskTime=41

2026-10-05 09:50:15,392 INFO [all-dump] submit all task for 1079216060575522816 / 1080060110509711360, dbTime=2,diskTime=54

2026-10-05 09:50:15,431 INFO [all-dump] submit all task for 1079216062815281152 / 1080060110509711360, dbTime=2,diskTime=37

2026-10-05 09:50:15,465 INFO [all-dump] submit all task for 1080060110509711360 / 1080060110509711360, dbTime=1,diskTime=33

2026-10-05 09:50:15,466 INFO [all-dump] wait 205 dump tasks to be finished

2026-10-05 09:50:16,468 INFO success to  dump all config-info。

2026-10-05 09:50:16,470 INFO start to clear all gray-config-info on startup.

2026-10-05 09:50:16,471 INFO clear all config-info-gray success.

2026-10-05 09:50:16,472 INFO clear all config-info-gray-tenant success.

2026-10-05 09:50:19,645 INFO notifyConnectTimeout:100

2026-10-05 09:50:19,646 INFO notifySocketTimeout:200

2026-10-05 09:50:19,647 INFO isHealthCheck:true

2026-10-05 09:50:19,647 INFO maxHealthCheckFailCount:12

2026-10-05 09:50:19,648 INFO maxContent:10485760

2026-10-05 09:50:21,500 INFO notifyConnectTimeout:100

2026-10-05 09:50:21,501 INFO notifySocketTimeout:200

2026-10-05 09:50:21,501 INFO isHealthCheck:true

2026-10-05 09:50:21,502 INFO maxHealthCheckFailCount:12

2026-10-05 09:50:21,502 INFO maxContent:10485760

