2026-10-02 10:09:42,892 INFO Not configure type of control plugin, no limit control for current node.

2026-10-02 10:09:42,903 INFO Load connection metrics collector,size=2,[com.alibaba.nacos.config.server.service.LongPollingConnectionMetricsCollector@541d8a9e, com.alibaba.nacos.core.remote.LongConnectionMetricsCollector@25131637]

2026-10-02 10:09:42,905 INFO No connection rule content found ,use default empty rule 

2026-10-02 10:09:42,912 INFO No tps control rule of CONFIG_PUSH_COUNT found,content =null  

2026-10-02 10:09:42,913 WARN Tps point for CONFIG_PUSH_COUNT registered, But tps control manager is no limit implementation.

2026-10-02 10:09:42,913 INFO No tps control rule of CONFIG_PUSH_SUCCESS found,content =null  

2026-10-02 10:09:42,913 WARN Tps point for CONFIG_PUSH_SUCCESS registered, But tps control manager is no limit implementation.

2026-10-02 10:09:42,914 INFO No tps control rule of CONFIG_PUSH_FAIL found,content =null  

2026-10-02 10:09:42,915 WARN Tps point for CONFIG_PUSH_FAIL registered, But tps control manager is no limit implementation.

2026-10-02 10:09:45,965 INFO No tps control rule of ConfigListen found,content =null  

2026-10-02 10:09:45,966 WARN Tps point for ConfigListen registered, But tps control manager is no limit implementation.

2026-10-02 10:09:45,967 INFO No tps control rule of ClusterConfigChangeNotify found,content =null  

2026-10-02 10:09:45,968 WARN Tps point for ClusterConfigChangeNotify registered, But tps control manager is no limit implementation.

2026-10-02 10:09:45,975 INFO No tps control rule of ConfigFuzzyWatch found,content =null  

2026-10-02 10:09:45,975 WARN Tps point for ConfigFuzzyWatch registered, But tps control manager is no limit implementation.

2026-10-02 10:09:45,976 INFO No tps control rule of ConfigPublish found,content =null  

2026-10-02 10:09:45,977 WARN Tps point for ConfigPublish registered, But tps control manager is no limit implementation.

2026-10-02 10:09:45,978 INFO No tps control rule of ConfigQuery found,content =null  

2026-10-02 10:09:45,979 WARN Tps point for ConfigQuery registered, But tps control manager is no limit implementation.

2026-10-02 10:09:45,979 INFO No tps control rule of ConfigRemove found,content =null  

2026-10-02 10:09:45,980 WARN Tps point for ConfigRemove registered, But tps control manager is no limit implementation.

2026-10-02 10:09:45,981 INFO No tps control rule of RemoteNamingInstanceBatchRegister found,content =null  

2026-10-02 10:09:45,982 WARN Tps point for RemoteNamingInstanceBatchRegister registered, But tps control manager is no limit implementation.

2026-10-02 10:09:45,983 INFO No tps control rule of RemoteNamingInstanceRegisterDeregister found,content =null  

2026-10-02 10:09:45,984 WARN Tps point for RemoteNamingInstanceRegisterDeregister registered, But tps control manager is no limit implementation.

2026-10-02 10:09:45,984 WARN Tps point for RemoteNamingInstanceRegisterDeregister registered, But tps control manager is no limit implementation.

2026-10-02 10:09:45,985 INFO No tps control rule of RemoteNamingServiceListQuery found,content =null  

2026-10-02 10:09:45,985 WARN Tps point for RemoteNamingServiceListQuery registered, But tps control manager is no limit implementation.

2026-10-02 10:09:45,986 INFO No tps control rule of RemoteNamingServiceQuery found,content =null  

2026-10-02 10:09:45,986 WARN Tps point for RemoteNamingServiceQuery registered, But tps control manager is no limit implementation.

2026-10-02 10:09:45,987 INFO No tps control rule of RemoteNamingServiceSubscribeUnSubscribe found,content =null  

2026-10-02 10:09:45,988 WARN Tps point for RemoteNamingServiceSubscribeUnSubscribe registered, But tps control manager is no limit implementation.

2026-10-02 10:09:45,989 INFO No tps control rule of HealthCheck found,content =null  

2026-10-02 10:09:45,990 WARN Tps point for HealthCheck registered, But tps control manager is no limit implementation.

2026-10-02 10:09:48,203 INFO No tps control rule of NamingServiceRegister found,content =null  

2026-10-02 10:09:48,203 WARN Tps point for NamingServiceRegister registered, But tps control manager is no limit implementation.

2026-10-02 10:09:48,204 INFO No tps control rule of NamingServiceUpdate found,content =null  

2026-10-02 10:09:48,205 WARN Tps point for NamingServiceUpdate registered, But tps control manager is no limit implementation.

2026-10-02 10:09:48,205 INFO No tps control rule of NamingInstanceDeregister found,content =null  

2026-10-02 10:09:48,206 WARN Tps point for NamingInstanceDeregister registered, But tps control manager is no limit implementation.

2026-10-02 10:09:48,206 WARN Tps point for ConfigPublish registered, But tps control manager is no limit implementation.

2026-10-02 10:09:48,207 INFO No tps control rule of NamingInstanceQuery found,content =null  

2026-10-02 10:09:48,208 WARN Tps point for NamingInstanceQuery registered, But tps control manager is no limit implementation.

2026-10-02 10:09:48,208 INFO No tps control rule of NamingInstanceUpdate found,content =null  

2026-10-02 10:09:48,209 WARN Tps point for NamingInstanceUpdate registered, But tps control manager is no limit implementation.

2026-10-02 10:09:48,209 INFO No tps control rule of NamingInstanceMetadataUpdate found,content =null  

2026-10-02 10:09:48,210 WARN Tps point for NamingInstanceMetadataUpdate registered, But tps control manager is no limit implementation.

2026-10-02 10:09:48,210 INFO No tps control rule of NamingServiceQuery found,content =null  

2026-10-02 10:09:48,211 WARN Tps point for NamingServiceQuery registered, But tps control manager is no limit implementation.

2026-10-02 10:09:48,212 INFO No tps control rule of NamingServiceListQuery found,content =null  

2026-10-02 10:09:48,212 WARN Tps point for NamingServiceListQuery registered, But tps control manager is no limit implementation.

2026-10-02 10:09:48,213 WARN Tps point for ConfigQuery registered, But tps control manager is no limit implementation.

2026-10-02 10:09:48,214 WARN Tps point for NamingInstanceDeregister registered, But tps control manager is no limit implementation.

2026-10-02 10:09:48,215 INFO No tps control rule of NamingServiceSubscribe found,content =null  

2026-10-02 10:09:48,215 WARN Tps point for NamingServiceSubscribe registered, But tps control manager is no limit implementation.

2026-10-02 10:09:48,216 WARN Tps point for NamingInstanceMetadataUpdate registered, But tps control manager is no limit implementation.

2026-10-02 10:09:48,216 WARN Tps point for ConfigQuery registered, But tps control manager is no limit implementation.

2026-10-02 10:09:48,217 INFO No tps control rule of NamingInstanceRegister found,content =null  

2026-10-02 10:09:48,218 WARN Tps point for NamingInstanceRegister registered, But tps control manager is no limit implementation.

2026-10-02 10:09:48,219 WARN Tps point for NamingInstanceRegister registered, But tps control manager is no limit implementation.

2026-10-02 10:09:48,219 INFO No tps control rule of NamingServiceDeregister found,content =null  

2026-10-02 10:09:48,220 WARN Tps point for NamingServiceDeregister registered, But tps control manager is no limit implementation.

2026-10-02 10:09:48,221 WARN Tps point for ConfigPublish registered, But tps control manager is no limit implementation.

2026-10-02 10:09:48,222 WARN Tps point for NamingServiceSubscribe registered, But tps control manager is no limit implementation.

